// Jest Snapshot v1, https://goo.gl/fbAQLP

exports[`App renders correctly 1`] = `
<div
  className="App"
>
  <header
    className="App-header"
  >
    <img
      alt="logo"
      className="App-logo"
      src="logo.svg"
    />
    <img
      alt="logo"
      className="App-logo"
      src="logo.svg"
    />
    <h1
      className="App-title"
    >
      React with jquery datatable.net by Gaur Associates
    </h1>
  </header>
  <div>
    <table
      className="display"
      width="100%"
    />
  </div>
</div>
`;
